---
http_interactions:
- request:
    method: get
    uri: http://doi.crossref.org/doiRA/10.5281/ZENODO.16668
    body:
      encoding: US-ASCII
      string: ''
    headers:
      User-Agent:
      - Lagotto - http://lagotto.local
      Accept:
      - application/json
  response:
    status:
      code: 200
      message: ''
    headers:
      Server:
      - Apache-Coyote/1.1
      Content-Type:
      - application/json;charset=UTF-8
      Content-Language:
      - en-US
      Content-Length:
      - '59'
      Date:
      - Tue, 05 Apr 2016 12:10:22 GMT
      Connection:
      - close
    body:
      encoding: UTF-8
      string: |-
        [
         {
         "DOI": "10.5281/ZENODO.16668",
         "RA": "Data Cite"
        }
        ]
    http_version: 
  recorded_at: Tue, 05 Apr 2016 12:10:23 GMT
- request:
    method: get
    uri: http://search.datacite.org/api?fl=doi,creator,title,publisher,publicationYear,resourceTypeGeneral,datacentre,datacentre_symbol,prefix,relatedIdentifier,xml,updated&q=doi:10.5281/ZENODO.16668&rows=1&wt=json
    body:
      encoding: US-ASCII
      string: ''
    headers:
      User-Agent:
      - Lagotto - http://lagotto.local
      Accept:
      - application/json
  response:
    status:
      code: 200
      message: ''
    headers:
      Server:
      - nginx/1.1.19
      Date:
      - Tue, 05 Apr 2016 12:11:56 GMT
      Content-Type:
      - application/json;charset=UTF-8
      Connection:
      - keep-alive
      Access-Control-Allow-Origin:
      - "*"
      Access-Control-Allow-Headers:
      - Content-Type,Accept,Accept-Encoding,Origin,User-Agent,Cache-Control,Keep-Alive
    body:
      encoding: UTF-8
      string: |
        {"responseHeader":{"status":0,"QTime":3},"response":{"numFound":1,"start":0,"docs":[{"datacentre_symbol":"CERN.ZENODO","xml":"PHJlc291cmNlIHhtbG5zPSJodHRwOi8vZGF0YWNpdGUub3JnL3NjaGVtYS9rZXJuZWwtMyIgeG1sbnM6eHNpPSJodHRwOi8vd3d3LnczLm9yZy8yMDAxL1hNTFNjaGVtYS1pbnN0YW5jZSIgeHNpOnNjaGVtYUxvY2F0aW9uPSJodHRwOi8vZGF0YWNpdGUub3JnL3NjaGVtYS9rZXJuZWwtMyBodHRwOi8vc2NoZW1hLmRhdGFjaXRlLm9yZy9tZXRhL2tlcm5lbC0zL21ldGFkYXRhLnhzZCI+CiAgPGlkZW50aWZpZXIgaWRlbnRpZmllclR5cGU9IkRPSSI+MTAuNTI4MS96ZW5vZG8uMTY2Njg8L2lkZW50aWZpZXI+CiAgPGNyZWF0b3JzPgogICAgPGNyZWF0b3I+CiAgICAgIDxjcmVhdG9yTmFtZT5Lb25yYWQgS2FyY3pld3NraTwvY3JlYXRvck5hbWU+CiAgICA8L2NyZWF0b3I+CiAgICA8Y3JlYXRvcj4KICAgICAgPGNyZWF0b3JOYW1lPkVsaSBSb2JlcnNvbjwvY3JlYXRvck5hbWU+CiAgICA8L2NyZWF0b3I+CiAgICA8Y3JlYXRvcj4KICAgICAgPGNyZWF0b3JOYW1lPkV2YW4gU3RhdG9uPC9jcmVhdG9yTmFtZT4KICAgICAgPGFmZmlsaWF0aW9uPlVuaXZlcnNpdHkgb2YgQnJpdGlzaCBDb2x1bWJpYTwvYWZmaWxpYXRpb24+CiAgICA8L2NyZWF0b3I+CiAgICA8Y3JlYXRvcj4KICAgICAgPGNyZWF0b3JOYW1lPkJyYWQgQ2hhcG1hbjwvY3JlYXRvck5hbWU+CiAgICAgIDxhZmZpbGlhdGlvbj5IYXJ2YXJkIENoYW4gQmlvaW5mb3JtYXRpY3MgQ29yZTwvYWZmaWxpYXRpb24+CiAgICA8L2NyZWF0b3I+CiAgICA8Y3JlYXRvcj4KICAgICAgPGNyZWF0b3JOYW1lPkVyaWMgTWluaWtlbDwvY3JlYXRvck5hbWU+CiAgICAgIDxhZmZpbGlhdGlvbj5QcmlvbiBBbGxpYW5jZTwvYWZmaWxpYXRpb24+CiAgICA8L2NyZWF0b3I+CiAgPC9jcmVhdG9ycz4KICA8dGl0bGVzPgogICAgPHRpdGxlPmxvZnRlZTogdjAuMi4xLWJldGE8L3RpdGxlPgogIDwvdGl0bGVzPgogIDxwdWJsaXNoZXI+WmVub2RvPC9wdWJsaXNoZXI+CiAgPHB1YmxpY2F0aW9uWWVhcj4yMDE1PC9wdWJsaWNhdGlvblllYXI+CiAgPGRhdGVzPgogICAgPGRhdGUgZGF0ZVR5cGU9Iklzc3VlZCI+MjAxNS0wNC0wNzwvZGF0ZT4KICA8L2RhdGVzPgogIDxyZXNvdXJjZVR5cGUgcmVzb3VyY2VUeXBlR2VuZXJhbD0iU29mdHdhcmUiLz4KICA8YWx0ZXJuYXRlSWRlbnRpZmllcnM+CiAgICA8YWx0ZXJuYXRlSWRlbnRpZmllciBhbHRlcm5hdGVJZGVudGlmaWVyVHlwZT0iVVJMIj5odHRwOi8vemVub2RvLm9yZy9yZWNvcmQvMTY2Njg8L2FsdGVybmF0ZUlkZW50aWZpZXI+CiAgPC9hbHRlcm5hdGVJZGVudGlmaWVycz4KICA8cmVsYXRlZElkZW50aWZpZXJzPgogICAgPHJlbGF0ZWRJZGVudGlmaWVyIHJlbGF0aW9uVHlwZT0iSXNTdXBwbGVtZW50VG8iIHJlbGF0ZWRJZGVudGlmaWVyVHlwZT0iVVJMIj5odHRwczovL2dpdGh1Yi5jb20va29ucmFkamsvbG9mdGVlL3RyZWUvdjAuMi4xLWJldGE8L3JlbGF0ZWRJZGVudGlmaWVyPgogICAgPHJlbGF0ZWRJZGVudGlmaWVyIHJlbGF0aW9uVHlwZT0iSGFzUGFydCIgcmVsYXRlZElkZW50aWZpZXJUeXBlPSJVUkwiPmh0dHBzOi8vemVub2RvLm9yZy9yZWNvcmQvMTY2NjgvZmlsZXMvbG9mdGVlLXYwLjIuMS1iZXRhLnppcDwvcmVsYXRlZElkZW50aWZpZXI+CiAgPC9yZWxhdGVkSWRlbnRpZmllcnM+CiAgPHJpZ2h0c0xpc3Q+CiAgICA8cmlnaHRzIHJpZ2h0c1VSST0iaW5mbzpldS1yZXBvL3NlbWFudGljcy9vcGVuQWNjZXNzIj5PcGVuIEFjY2VzczwvcmlnaHRzPgogICAgPHJpZ2h0cyByaWdodHNVUkk9IiI+T3RoZXIgKE9wZW4pPC9yaWdodHM+CiAgPC9yaWdodHNMaXN0PgogIDxkZXNjcmlwdGlvbnM+CiAgICA8ZGVzY3JpcHRpb24gZGVzY3JpcHRpb25UeXBlPSJBYnN0cmFjdCI+Jmx0O3AmZ3Q7UGh5bG9DU0YgZGF0YSBjYW4gbm93IGJlIHJlYWQgZnJvbSBNeVNRTCBpbnN0ZWFkIG9mIFNRTGl0ZSZsdDsvcCZndDs8L2Rlc2NyaXB0aW9uPgogIDwvZGVzY3JpcHRpb25zPgo8L3Jlc291cmNlPgo=","datacentre":"CERN.ZENODO - ZENODO - Research. Shared.","updated":"2015-04-07T23:49:45Z","prefix":"10.5281","doi":"10.5281/ZENODO.16668","relatedIdentifier":["IsSupplementTo:URL:https://github.com/konradjk/loftee/tree/v0.2.1-beta","HasPart:URL:https://zenodo.org/record/16668/files/loftee-v0.2.1-beta.zip"],"creator":["Konrad Karczewski","Eli Roberson","Evan Staton","Brad Chapman","Eric Minikel"],"publisher":"Zenodo","title":["loftee: v0.2.1-beta"],"publicationYear":"2015","resourceTypeGeneral":"Software"}]}}
    http_version: 
  recorded_at: Tue, 05 Apr 2016 12:10:23 GMT
- request:
    method: get
    uri: https://api.github.com/repos/konradjk/loftee/releases/tags/v0.2.1-beta
    body:
      encoding: US-ASCII
      string: ''
    headers:
      User-Agent:
      - Lagotto - http://lagotto.local
      Accept:
      - application/json
      Authorization:
      - Bearer <GITHUB_PERSONAL_ACCESS_TOKEN>
  response:
    status:
      code: 200
      message: ''
    headers:
      Server:
      - GitHub.com
      Date:
      - Tue, 05 Apr 2016 12:10:24 GMT
      Content-Type:
      - application/json; charset=utf-8
      Content-Length:
      - '1646'
      Status:
      - 200 OK
      X-Ratelimit-Limit:
      - '5000'
      X-Ratelimit-Remaining:
      - '4991'
      X-Ratelimit-Reset:
      - '1459859901'
      Cache-Control:
      - private, max-age=60, s-maxage=60
      Vary:
      - Accept, Authorization, Cookie, X-GitHub-OTP, Accept-Encoding
      Etag:
      - '"05c181d3908c45b9575a18afba234384"'
      Last-Modified:
      - Tue, 07 Apr 2015 23:49:02 GMT
      X-Oauth-Scopes:
      - gist, repo, user
      X-Accepted-Oauth-Scopes:
      - ''
      X-Github-Media-Type:
      - github.v3
      Access-Control-Expose-Headers:
      - ETag, Link, X-GitHub-OTP, X-RateLimit-Limit, X-RateLimit-Remaining, X-RateLimit-Reset,
        X-OAuth-Scopes, X-Accepted-OAuth-Scopes, X-Poll-Interval
      Access-Control-Allow-Origin:
      - "*"
      Content-Security-Policy:
      - default-src 'none'
      Strict-Transport-Security:
      - max-age=31536000; includeSubdomains; preload
      X-Content-Type-Options:
      - nosniff
      X-Frame-Options:
      - deny
      X-Xss-Protection:
      - 1; mode=block
      X-Served-By:
      - 4c8b2d4732c413f4b9aefe394bd65569
      X-Github-Request-Id:
      - 3EE06D6F:174B2:68B88A:5703AB30
    body:
      encoding: UTF-8
      string: '{"url":"https://api.github.com/repos/konradjk/loftee/releases/1136485","assets_url":"https://api.github.com/repos/konradjk/loftee/releases/1136485/assets","upload_url":"https://uploads.github.com/repos/konradjk/loftee/releases/1136485/assets{?name,label}","html_url":"https://github.com/konradjk/loftee/releases/tag/v0.2.1-beta","id":1136485,"tag_name":"v0.2.1-beta","target_commitish":"master","name":"v0.2.1-beta","draft":false,"author":{"login":"konradjk","id":1450986,"avatar_url":"https://avatars.githubusercontent.com/u/1450986?v=3","gravatar_id":"","url":"https://api.github.com/users/konradjk","html_url":"https://github.com/konradjk","followers_url":"https://api.github.com/users/konradjk/followers","following_url":"https://api.github.com/users/konradjk/following{/other_user}","gists_url":"https://api.github.com/users/konradjk/gists{/gist_id}","starred_url":"https://api.github.com/users/konradjk/starred{/owner}{/repo}","subscriptions_url":"https://api.github.com/users/konradjk/subscriptions","organizations_url":"https://api.github.com/users/konradjk/orgs","repos_url":"https://api.github.com/users/konradjk/repos","events_url":"https://api.github.com/users/konradjk/events{/privacy}","received_events_url":"https://api.github.com/users/konradjk/received_events","type":"User","site_admin":false},"prerelease":true,"created_at":"2015-04-07T19:38:00Z","published_at":"2015-04-07T23:49:02Z","assets":[],"tarball_url":"https://api.github.com/repos/konradjk/loftee/tarball/v0.2.1-beta","zipball_url":"https://api.github.com/repos/konradjk/loftee/zipball/v0.2.1-beta","body":"PhyloCSF
        data can now be read from MySQL instead of SQLite"}'
    http_version: 
  recorded_at: Tue, 05 Apr 2016 12:10:24 GMT
- request:
    method: get
    uri: https://api.github.com/users/konradjk
    body:
      encoding: US-ASCII
      string: ''
    headers:
      User-Agent:
      - Lagotto - http://lagotto.local
      Accept:
      - application/json
      Authorization:
      - Bearer <GITHUB_PERSONAL_ACCESS_TOKEN>
  response:
    status:
      code: 200
      message: ''
    headers:
      Server:
      - GitHub.com
      Date:
      - Tue, 05 Apr 2016 12:10:24 GMT
      Content-Type:
      - application/json; charset=utf-8
      Content-Length:
      - '1137'
      Status:
      - 200 OK
      X-Ratelimit-Limit:
      - '5000'
      X-Ratelimit-Remaining:
      - '4990'
      X-Ratelimit-Reset:
      - '1459859901'
      Cache-Control:
      - private, max-age=60, s-maxage=60
      Vary:
      - Accept, Authorization, Cookie, X-GitHub-OTP, Accept-Encoding
      Etag:
      - '"8f58e069d7394dd8e9fd64cb3837411b"'
      Last-Modified:
      - Fri, 01 Apr 2016 22:53:34 GMT
      X-Oauth-Scopes:
      - gist, repo, user
      X-Accepted-Oauth-Scopes:
      - user
      X-Github-Media-Type:
      - github.v3
      Access-Control-Expose-Headers:
      - ETag, Link, X-GitHub-OTP, X-RateLimit-Limit, X-RateLimit-Remaining, X-RateLimit-Reset,
        X-OAuth-Scopes, X-Accepted-OAuth-Scopes, X-Poll-Interval
      Access-Control-Allow-Origin:
      - "*"
      Content-Security-Policy:
      - default-src 'none'
      Strict-Transport-Security:
      - max-age=31536000; includeSubdomains; preload
      X-Content-Type-Options:
      - nosniff
      X-Frame-Options:
      - deny
      X-Xss-Protection:
      - 1; mode=block
      X-Served-By:
      - 474556b853193c38f1b14328ce2d1b7d
      X-Github-Request-Id:
      - 3EE06D6F:174B2:68B902:5703AB30
    body:
      encoding: UTF-8
      string: '{"login":"konradjk","id":1450986,"avatar_url":"https://avatars.githubusercontent.com/u/1450986?v=3","gravatar_id":"","url":"https://api.github.com/users/konradjk","html_url":"https://github.com/konradjk","followers_url":"https://api.github.com/users/konradjk/followers","following_url":"https://api.github.com/users/konradjk/following{/other_user}","gists_url":"https://api.github.com/users/konradjk/gists{/gist_id}","starred_url":"https://api.github.com/users/konradjk/starred{/owner}{/repo}","subscriptions_url":"https://api.github.com/users/konradjk/subscriptions","organizations_url":"https://api.github.com/users/konradjk/orgs","repos_url":"https://api.github.com/users/konradjk/repos","events_url":"https://api.github.com/users/konradjk/events{/privacy}","received_events_url":"https://api.github.com/users/konradjk/received_events","type":"User","site_admin":false,"name":"Konrad
        Karczewski","company":null,"blog":"konradjkarczewski.com","location":null,"email":null,"hireable":null,"bio":null,"public_repos":10,"public_gists":0,"followers":27,"following":0,"created_at":"2012-02-19T10:43:45Z","updated_at":"2016-04-01T22:53:34Z"}'
    http_version: 
  recorded_at: Tue, 05 Apr 2016 12:10:25 GMT
- request:
    method: get
    uri: https://api.github.com/repos/konradjk/loftee/releases/tags/v0.2.1-beta
    body:
      encoding: US-ASCII
      string: ''
    headers:
      User-Agent:
      - Lagotto - http://lagotto.local
      Accept:
      - application/json
      Authorization:
      - Bearer <GITHUB_PERSONAL_ACCESS_TOKEN>
  response:
    status:
      code: 200
      message: ''
    headers:
      Server:
      - GitHub.com
      Date:
      - Tue, 05 Apr 2016 12:10:26 GMT
      Content-Type:
      - application/json; charset=utf-8
      Content-Length:
      - '1646'
      Status:
      - 200 OK
      X-Ratelimit-Limit:
      - '5000'
      X-Ratelimit-Remaining:
      - '4989'
      X-Ratelimit-Reset:
      - '1459859901'
      Cache-Control:
      - private, max-age=60, s-maxage=60
      Vary:
      - Accept, Authorization, Cookie, X-GitHub-OTP, Accept-Encoding
      Etag:
      - '"05c181d3908c45b9575a18afba234384"'
      Last-Modified:
      - Tue, 07 Apr 2015 23:49:02 GMT
      X-Oauth-Scopes:
      - gist, repo, user
      X-Accepted-Oauth-Scopes:
      - ''
      X-Github-Media-Type:
      - github.v3
      Access-Control-Expose-Headers:
      - ETag, Link, X-GitHub-OTP, X-RateLimit-Limit, X-RateLimit-Remaining, X-RateLimit-Reset,
        X-OAuth-Scopes, X-Accepted-OAuth-Scopes, X-Poll-Interval
      Access-Control-Allow-Origin:
      - "*"
      Content-Security-Policy:
      - default-src 'none'
      Strict-Transport-Security:
      - max-age=31536000; includeSubdomains; preload
      X-Content-Type-Options:
      - nosniff
      X-Frame-Options:
      - deny
      X-Xss-Protection:
      - 1; mode=block
      X-Served-By:
      - bd82876e9bf04990f289ba22f246ee9b
      X-Github-Request-Id:
      - 3EE06D6F:1559D:9FE5B2:5703AB32
    body:
      encoding: UTF-8
      string: '{"url":"https://api.github.com/repos/konradjk/loftee/releases/1136485","assets_url":"https://api.github.com/repos/konradjk/loftee/releases/1136485/assets","upload_url":"https://uploads.github.com/repos/konradjk/loftee/releases/1136485/assets{?name,label}","html_url":"https://github.com/konradjk/loftee/releases/tag/v0.2.1-beta","id":1136485,"tag_name":"v0.2.1-beta","target_commitish":"master","name":"v0.2.1-beta","draft":false,"author":{"login":"konradjk","id":1450986,"avatar_url":"https://avatars.githubusercontent.com/u/1450986?v=3","gravatar_id":"","url":"https://api.github.com/users/konradjk","html_url":"https://github.com/konradjk","followers_url":"https://api.github.com/users/konradjk/followers","following_url":"https://api.github.com/users/konradjk/following{/other_user}","gists_url":"https://api.github.com/users/konradjk/gists{/gist_id}","starred_url":"https://api.github.com/users/konradjk/starred{/owner}{/repo}","subscriptions_url":"https://api.github.com/users/konradjk/subscriptions","organizations_url":"https://api.github.com/users/konradjk/orgs","repos_url":"https://api.github.com/users/konradjk/repos","events_url":"https://api.github.com/users/konradjk/events{/privacy}","received_events_url":"https://api.github.com/users/konradjk/received_events","type":"User","site_admin":false},"prerelease":true,"created_at":"2015-04-07T19:38:00Z","published_at":"2015-04-07T23:49:02Z","assets":[],"tarball_url":"https://api.github.com/repos/konradjk/loftee/tarball/v0.2.1-beta","zipball_url":"https://api.github.com/repos/konradjk/loftee/zipball/v0.2.1-beta","body":"PhyloCSF
        data can now be read from MySQL instead of SQLite"}'
    http_version: 
  recorded_at: Tue, 05 Apr 2016 12:10:26 GMT
- request:
    method: get
    uri: https://api.github.com/users/konradjk
    body:
      encoding: US-ASCII
      string: ''
    headers:
      User-Agent:
      - Lagotto - http://lagotto.local
      Accept:
      - application/json
      Authorization:
      - Bearer <GITHUB_PERSONAL_ACCESS_TOKEN>
  response:
    status:
      code: 200
      message: ''
    headers:
      Server:
      - GitHub.com
      Date:
      - Tue, 05 Apr 2016 12:10:26 GMT
      Content-Type:
      - application/json; charset=utf-8
      Content-Length:
      - '1137'
      Status:
      - 200 OK
      X-Ratelimit-Limit:
      - '5000'
      X-Ratelimit-Remaining:
      - '4988'
      X-Ratelimit-Reset:
      - '1459859901'
      Cache-Control:
      - private, max-age=60, s-maxage=60
      Vary:
      - Accept, Authorization, Cookie, X-GitHub-OTP, Accept-Encoding
      Etag:
      - '"8f58e069d7394dd8e9fd64cb3837411b"'
      Last-Modified:
      - Fri, 01 Apr 2016 22:53:34 GMT
      X-Oauth-Scopes:
      - gist, repo, user
      X-Accepted-Oauth-Scopes:
      - user
      X-Github-Media-Type:
      - github.v3
      Access-Control-Expose-Headers:
      - ETag, Link, X-GitHub-OTP, X-RateLimit-Limit, X-RateLimit-Remaining, X-RateLimit-Reset,
        X-OAuth-Scopes, X-Accepted-OAuth-Scopes, X-Poll-Interval
      Access-Control-Allow-Origin:
      - "*"
      Content-Security-Policy:
      - default-src 'none'
      Strict-Transport-Security:
      - max-age=31536000; includeSubdomains; preload
      X-Content-Type-Options:
      - nosniff
      X-Frame-Options:
      - deny
      X-Xss-Protection:
      - 1; mode=block
      X-Served-By:
      - 13d09b732ebe76f892093130dc088652
      X-Github-Request-Id:
      - 3EE06D6F:1559C:839391:5703AB32
    body:
      encoding: UTF-8
      string: '{"login":"konradjk","id":1450986,"avatar_url":"https://avatars.githubusercontent.com/u/1450986?v=3","gravatar_id":"","url":"https://api.github.com/users/konradjk","html_url":"https://github.com/konradjk","followers_url":"https://api.github.com/users/konradjk/followers","following_url":"https://api.github.com/users/konradjk/following{/other_user}","gists_url":"https://api.github.com/users/konradjk/gists{/gist_id}","starred_url":"https://api.github.com/users/konradjk/starred{/owner}{/repo}","subscriptions_url":"https://api.github.com/users/konradjk/subscriptions","organizations_url":"https://api.github.com/users/konradjk/orgs","repos_url":"https://api.github.com/users/konradjk/repos","events_url":"https://api.github.com/users/konradjk/events{/privacy}","received_events_url":"https://api.github.com/users/konradjk/received_events","type":"User","site_admin":false,"name":"Konrad
        Karczewski","company":null,"blog":"konradjkarczewski.com","location":null,"email":null,"hireable":null,"bio":null,"public_repos":10,"public_gists":0,"followers":27,"following":0,"created_at":"2012-02-19T10:43:45Z","updated_at":"2016-04-01T22:53:34Z"}'
    http_version: 
  recorded_at: Tue, 05 Apr 2016 12:10:27 GMT
- request:
    method: get
    uri: https://api.github.com/repos/konradjk/loftee/releases/tags/v0.2.1-beta
    body:
      encoding: US-ASCII
      string: ''
    headers:
      User-Agent:
      - Lagotto - http://lagotto.local
      Accept:
      - application/json
      Authorization:
      - Bearer <GITHUB_PERSONAL_ACCESS_TOKEN>
  response:
    status:
      code: 200
      message: ''
    headers:
      Server:
      - GitHub.com
      Date:
      - Tue, 05 Apr 2016 12:10:28 GMT
      Content-Type:
      - application/json; charset=utf-8
      Content-Length:
      - '1646'
      Status:
      - 200 OK
      X-Ratelimit-Limit:
      - '5000'
      X-Ratelimit-Remaining:
      - '4987'
      X-Ratelimit-Reset:
      - '1459859901'
      Cache-Control:
      - private, max-age=60, s-maxage=60
      Vary:
      - Accept, Authorization, Cookie, X-GitHub-OTP, Accept-Encoding
      Etag:
      - '"05c181d3908c45b9575a18afba234384"'
      Last-Modified:
      - Tue, 07 Apr 2015 23:49:02 GMT
      X-Oauth-Scopes:
      - gist, repo, user
      X-Accepted-Oauth-Scopes:
      - ''
      X-Github-Media-Type:
      - github.v3
      Access-Control-Expose-Headers:
      - ETag, Link, X-GitHub-OTP, X-RateLimit-Limit, X-RateLimit-Remaining, X-RateLimit-Reset,
        X-OAuth-Scopes, X-Accepted-OAuth-Scopes, X-Poll-Interval
      Access-Control-Allow-Origin:
      - "*"
      Content-Security-Policy:
      - default-src 'none'
      Strict-Transport-Security:
      - max-age=31536000; includeSubdomains; preload
      X-Content-Type-Options:
      - nosniff
      X-Frame-Options:
      - deny
      X-Xss-Protection:
      - 1; mode=block
      X-Served-By:
      - 2811da37fbdda4367181b328b22b2499
      X-Github-Request-Id:
      - 3EE06D6F:174B4:A541C2:5703AB33
    body:
      encoding: UTF-8
      string: '{"url":"https://api.github.com/repos/konradjk/loftee/releases/1136485","assets_url":"https://api.github.com/repos/konradjk/loftee/releases/1136485/assets","upload_url":"https://uploads.github.com/repos/konradjk/loftee/releases/1136485/assets{?name,label}","html_url":"https://github.com/konradjk/loftee/releases/tag/v0.2.1-beta","id":1136485,"tag_name":"v0.2.1-beta","target_commitish":"master","name":"v0.2.1-beta","draft":false,"author":{"login":"konradjk","id":1450986,"avatar_url":"https://avatars.githubusercontent.com/u/1450986?v=3","gravatar_id":"","url":"https://api.github.com/users/konradjk","html_url":"https://github.com/konradjk","followers_url":"https://api.github.com/users/konradjk/followers","following_url":"https://api.github.com/users/konradjk/following{/other_user}","gists_url":"https://api.github.com/users/konradjk/gists{/gist_id}","starred_url":"https://api.github.com/users/konradjk/starred{/owner}{/repo}","subscriptions_url":"https://api.github.com/users/konradjk/subscriptions","organizations_url":"https://api.github.com/users/konradjk/orgs","repos_url":"https://api.github.com/users/konradjk/repos","events_url":"https://api.github.com/users/konradjk/events{/privacy}","received_events_url":"https://api.github.com/users/konradjk/received_events","type":"User","site_admin":false},"prerelease":true,"created_at":"2015-04-07T19:38:00Z","published_at":"2015-04-07T23:49:02Z","assets":[],"tarball_url":"https://api.github.com/repos/konradjk/loftee/tarball/v0.2.1-beta","zipball_url":"https://api.github.com/repos/konradjk/loftee/zipball/v0.2.1-beta","body":"PhyloCSF
        data can now be read from MySQL instead of SQLite"}'
    http_version: 
  recorded_at: Tue, 05 Apr 2016 12:10:28 GMT
- request:
    method: get
    uri: https://api.github.com/users/konradjk
    body:
      encoding: US-ASCII
      string: ''
    headers:
      User-Agent:
      - Lagotto - http://lagotto.local
      Accept:
      - application/json
      Authorization:
      - Bearer <GITHUB_PERSONAL_ACCESS_TOKEN>
  response:
    status:
      code: 200
      message: ''
    headers:
      Server:
      - GitHub.com
      Date:
      - Tue, 05 Apr 2016 12:10:28 GMT
      Content-Type:
      - application/json; charset=utf-8
      Content-Length:
      - '1137'
      Status:
      - 200 OK
      X-Ratelimit-Limit:
      - '5000'
      X-Ratelimit-Remaining:
      - '4986'
      X-Ratelimit-Reset:
      - '1459859901'
      Cache-Control:
      - private, max-age=60, s-maxage=60
      Vary:
      - Accept, Authorization, Cookie, X-GitHub-OTP, Accept-Encoding
      Etag:
      - '"8f58e069d7394dd8e9fd64cb3837411b"'
      Last-Modified:
      - Fri, 01 Apr 2016 22:53:34 GMT
      X-Oauth-Scopes:
      - gist, repo, user
      X-Accepted-Oauth-Scopes:
      - user
      X-Github-Media-Type:
      - github.v3
      Access-Control-Expose-Headers:
      - ETag, Link, X-GitHub-OTP, X-RateLimit-Limit, X-RateLimit-Remaining, X-RateLimit-Reset,
        X-OAuth-Scopes, X-Accepted-OAuth-Scopes, X-Poll-Interval
      Access-Control-Allow-Origin:
      - "*"
      Content-Security-Policy:
      - default-src 'none'
      Strict-Transport-Security:
      - max-age=31536000; includeSubdomains; preload
      X-Content-Type-Options:
      - nosniff
      X-Frame-Options:
      - deny
      X-Xss-Protection:
      - 1; mode=block
      X-Served-By:
      - 4c8b2d4732c413f4b9aefe394bd65569
      X-Github-Request-Id:
      - 3EE06D6F:174B5:B46194:5703AB34
    body:
      encoding: UTF-8
      string: '{"login":"konradjk","id":1450986,"avatar_url":"https://avatars.githubusercontent.com/u/1450986?v=3","gravatar_id":"","url":"https://api.github.com/users/konradjk","html_url":"https://github.com/konradjk","followers_url":"https://api.github.com/users/konradjk/followers","following_url":"https://api.github.com/users/konradjk/following{/other_user}","gists_url":"https://api.github.com/users/konradjk/gists{/gist_id}","starred_url":"https://api.github.com/users/konradjk/starred{/owner}{/repo}","subscriptions_url":"https://api.github.com/users/konradjk/subscriptions","organizations_url":"https://api.github.com/users/konradjk/orgs","repos_url":"https://api.github.com/users/konradjk/repos","events_url":"https://api.github.com/users/konradjk/events{/privacy}","received_events_url":"https://api.github.com/users/konradjk/received_events","type":"User","site_admin":false,"name":"Konrad
        Karczewski","company":null,"blog":"konradjkarczewski.com","location":null,"email":null,"hireable":null,"bio":null,"public_repos":10,"public_gists":0,"followers":27,"following":0,"created_at":"2012-02-19T10:43:45Z","updated_at":"2016-04-01T22:53:34Z"}'
    http_version: 
  recorded_at: Tue, 05 Apr 2016 12:10:28 GMT
- request:
    method: get
    uri: https://api.github.com/repos/konradjk/loftee/releases/tags/v0.2.1-beta
    body:
      encoding: US-ASCII
      string: ''
    headers:
      User-Agent:
      - Lagotto - http://lagotto.local
      Accept:
      - application/json
      Authorization:
      - Bearer <GITHUB_PERSONAL_ACCESS_TOKEN>
  response:
    status:
      code: 200
      message: ''
    headers:
      Server:
      - GitHub.com
      Date:
      - Tue, 05 Apr 2016 12:10:29 GMT
      Content-Type:
      - application/json; charset=utf-8
      Content-Length:
      - '1646'
      Status:
      - 200 OK
      X-Ratelimit-Limit:
      - '5000'
      X-Ratelimit-Remaining:
      - '4985'
      X-Ratelimit-Reset:
      - '1459859901'
      Cache-Control:
      - private, max-age=60, s-maxage=60
      Vary:
      - Accept, Authorization, Cookie, X-GitHub-OTP, Accept-Encoding
      Etag:
      - '"05c181d3908c45b9575a18afba234384"'
      Last-Modified:
      - Tue, 07 Apr 2015 23:49:02 GMT
      X-Oauth-Scopes:
      - gist, repo, user
      X-Accepted-Oauth-Scopes:
      - ''
      X-Github-Media-Type:
      - github.v3
      Access-Control-Expose-Headers:
      - ETag, Link, X-GitHub-OTP, X-RateLimit-Limit, X-RateLimit-Remaining, X-RateLimit-Reset,
        X-OAuth-Scopes, X-Accepted-OAuth-Scopes, X-Poll-Interval
      Access-Control-Allow-Origin:
      - "*"
      Content-Security-Policy:
      - default-src 'none'
      Strict-Transport-Security:
      - max-age=31536000; includeSubdomains; preload
      X-Content-Type-Options:
      - nosniff
      X-Frame-Options:
      - deny
      X-Xss-Protection:
      - 1; mode=block
      X-Served-By:
      - 5aeb3f30c9e3ef6ef7bcbcddfd9a68f7
      X-Github-Request-Id:
      - 3EE06D6F:1559D:9FE95F:5703AB35
    body:
      encoding: UTF-8
      string: '{"url":"https://api.github.com/repos/konradjk/loftee/releases/1136485","assets_url":"https://api.github.com/repos/konradjk/loftee/releases/1136485/assets","upload_url":"https://uploads.github.com/repos/konradjk/loftee/releases/1136485/assets{?name,label}","html_url":"https://github.com/konradjk/loftee/releases/tag/v0.2.1-beta","id":1136485,"tag_name":"v0.2.1-beta","target_commitish":"master","name":"v0.2.1-beta","draft":false,"author":{"login":"konradjk","id":1450986,"avatar_url":"https://avatars.githubusercontent.com/u/1450986?v=3","gravatar_id":"","url":"https://api.github.com/users/konradjk","html_url":"https://github.com/konradjk","followers_url":"https://api.github.com/users/konradjk/followers","following_url":"https://api.github.com/users/konradjk/following{/other_user}","gists_url":"https://api.github.com/users/konradjk/gists{/gist_id}","starred_url":"https://api.github.com/users/konradjk/starred{/owner}{/repo}","subscriptions_url":"https://api.github.com/users/konradjk/subscriptions","organizations_url":"https://api.github.com/users/konradjk/orgs","repos_url":"https://api.github.com/users/konradjk/repos","events_url":"https://api.github.com/users/konradjk/events{/privacy}","received_events_url":"https://api.github.com/users/konradjk/received_events","type":"User","site_admin":false},"prerelease":true,"created_at":"2015-04-07T19:38:00Z","published_at":"2015-04-07T23:49:02Z","assets":[],"tarball_url":"https://api.github.com/repos/konradjk/loftee/tarball/v0.2.1-beta","zipball_url":"https://api.github.com/repos/konradjk/loftee/zipball/v0.2.1-beta","body":"PhyloCSF
        data can now be read from MySQL instead of SQLite"}'
    http_version: 
  recorded_at: Tue, 05 Apr 2016 12:10:29 GMT
- request:
    method: get
    uri: https://api.github.com/users/konradjk
    body:
      encoding: US-ASCII
      string: ''
    headers:
      User-Agent:
      - Lagotto - http://lagotto.local
      Accept:
      - application/json
      Authorization:
      - Bearer <GITHUB_PERSONAL_ACCESS_TOKEN>
  response:
    status:
      code: 200
      message: ''
    headers:
      Server:
      - GitHub.com
      Date:
      - Tue, 05 Apr 2016 12:10:29 GMT
      Content-Type:
      - application/json; charset=utf-8
      Content-Length:
      - '1137'
      Status:
      - 200 OK
      X-Ratelimit-Limit:
      - '5000'
      X-Ratelimit-Remaining:
      - '4984'
      X-Ratelimit-Reset:
      - '1459859901'
      Cache-Control:
      - private, max-age=60, s-maxage=60
      Vary:
      - Accept, Authorization, Cookie, X-GitHub-OTP, Accept-Encoding
      Etag:
      - '"8f58e069d7394dd8e9fd64cb3837411b"'
      Last-Modified:
      - Fri, 01 Apr 2016 22:53:34 GMT
      X-Oauth-Scopes:
      - gist, repo, user
      X-Accepted-Oauth-Scopes:
      - user
      X-Github-Media-Type:
      - github.v3
      Access-Control-Expose-Headers:
      - ETag, Link, X-GitHub-OTP, X-RateLimit-Limit, X-RateLimit-Remaining, X-RateLimit-Reset,
        X-OAuth-Scopes, X-Accepted-OAuth-Scopes, X-Poll-Interval
      Access-Control-Allow-Origin:
      - "*"
      Content-Security-Policy:
      - default-src 'none'
      Strict-Transport-Security:
      - max-age=31536000; includeSubdomains; preload
      X-Content-Type-Options:
      - nosniff
      X-Frame-Options:
      - deny
      X-Xss-Protection:
      - 1; mode=block
      X-Served-By:
      - 7b641bda7ec2ca7cd9df72d2578baf75
      X-Github-Request-Id:
      - 3EE06D6F:76CF:1C0DF2:5703AB35
    body:
      encoding: UTF-8
      string: '{"login":"konradjk","id":1450986,"avatar_url":"https://avatars.githubusercontent.com/u/1450986?v=3","gravatar_id":"","url":"https://api.github.com/users/konradjk","html_url":"https://github.com/konradjk","followers_url":"https://api.github.com/users/konradjk/followers","following_url":"https://api.github.com/users/konradjk/following{/other_user}","gists_url":"https://api.github.com/users/konradjk/gists{/gist_id}","starred_url":"https://api.github.com/users/konradjk/starred{/owner}{/repo}","subscriptions_url":"https://api.github.com/users/konradjk/subscriptions","organizations_url":"https://api.github.com/users/konradjk/orgs","repos_url":"https://api.github.com/users/konradjk/repos","events_url":"https://api.github.com/users/konradjk/events{/privacy}","received_events_url":"https://api.github.com/users/konradjk/received_events","type":"User","site_admin":false,"name":"Konrad
        Karczewski","company":null,"blog":"konradjkarczewski.com","location":null,"email":null,"hireable":null,"bio":null,"public_repos":10,"public_gists":0,"followers":27,"following":0,"created_at":"2012-02-19T10:43:45Z","updated_at":"2016-04-01T22:53:34Z"}'
    http_version: 
  recorded_at: Tue, 05 Apr 2016 12:10:29 GMT
- request:
    method: get
    uri: https://api.github.com/repos/konradjk/loftee/releases/tags/v0.2.1-beta
    body:
      encoding: US-ASCII
      string: ''
    headers:
      User-Agent:
      - Lagotto - http://lagotto.local
      Accept:
      - application/json
      Authorization:
      - Bearer <GITHUB_PERSONAL_ACCESS_TOKEN>
  response:
    status:
      code: 200
      message: ''
    headers:
      Server:
      - GitHub.com
      Date:
      - Tue, 05 Apr 2016 12:10:31 GMT
      Content-Type:
      - application/json; charset=utf-8
      Content-Length:
      - '1646'
      Status:
      - 200 OK
      X-Ratelimit-Limit:
      - '5000'
      X-Ratelimit-Remaining:
      - '4983'
      X-Ratelimit-Reset:
      - '1459859901'
      Cache-Control:
      - private, max-age=60, s-maxage=60
      Vary:
      - Accept, Authorization, Cookie, X-GitHub-OTP, Accept-Encoding
      Etag:
      - '"05c181d3908c45b9575a18afba234384"'
      Last-Modified:
      - Tue, 07 Apr 2015 23:49:02 GMT
      X-Oauth-Scopes:
      - gist, repo, user
      X-Accepted-Oauth-Scopes:
      - ''
      X-Github-Media-Type:
      - github.v3
      Access-Control-Expose-Headers:
      - ETag, Link, X-GitHub-OTP, X-RateLimit-Limit, X-RateLimit-Remaining, X-RateLimit-Reset,
        X-OAuth-Scopes, X-Accepted-OAuth-Scopes, X-Poll-Interval
      Access-Control-Allow-Origin:
      - "*"
      Content-Security-Policy:
      - default-src 'none'
      Strict-Transport-Security:
      - max-age=31536000; includeSubdomains; preload
      X-Content-Type-Options:
      - nosniff
      X-Frame-Options:
      - deny
      X-Xss-Protection:
      - 1; mode=block
      X-Served-By:
      - bd82876e9bf04990f289ba22f246ee9b
      X-Github-Request-Id:
      - 3EE06D6F:1559D:9FEBA5:5703AB37
    body:
      encoding: UTF-8
      string: '{"url":"https://api.github.com/repos/konradjk/loftee/releases/1136485","assets_url":"https://api.github.com/repos/konradjk/loftee/releases/1136485/assets","upload_url":"https://uploads.github.com/repos/konradjk/loftee/releases/1136485/assets{?name,label}","html_url":"https://github.com/konradjk/loftee/releases/tag/v0.2.1-beta","id":1136485,"tag_name":"v0.2.1-beta","target_commitish":"master","name":"v0.2.1-beta","draft":false,"author":{"login":"konradjk","id":1450986,"avatar_url":"https://avatars.githubusercontent.com/u/1450986?v=3","gravatar_id":"","url":"https://api.github.com/users/konradjk","html_url":"https://github.com/konradjk","followers_url":"https://api.github.com/users/konradjk/followers","following_url":"https://api.github.com/users/konradjk/following{/other_user}","gists_url":"https://api.github.com/users/konradjk/gists{/gist_id}","starred_url":"https://api.github.com/users/konradjk/starred{/owner}{/repo}","subscriptions_url":"https://api.github.com/users/konradjk/subscriptions","organizations_url":"https://api.github.com/users/konradjk/orgs","repos_url":"https://api.github.com/users/konradjk/repos","events_url":"https://api.github.com/users/konradjk/events{/privacy}","received_events_url":"https://api.github.com/users/konradjk/received_events","type":"User","site_admin":false},"prerelease":true,"created_at":"2015-04-07T19:38:00Z","published_at":"2015-04-07T23:49:02Z","assets":[],"tarball_url":"https://api.github.com/repos/konradjk/loftee/tarball/v0.2.1-beta","zipball_url":"https://api.github.com/repos/konradjk/loftee/zipball/v0.2.1-beta","body":"PhyloCSF
        data can now be read from MySQL instead of SQLite"}'
    http_version: 
  recorded_at: Tue, 05 Apr 2016 12:10:31 GMT
- request:
    method: get
    uri: https://api.github.com/users/konradjk
    body:
      encoding: US-ASCII
      string: ''
    headers:
      User-Agent:
      - Lagotto - http://lagotto.local
      Accept:
      - application/json
      Authorization:
      - Bearer <GITHUB_PERSONAL_ACCESS_TOKEN>
  response:
    status:
      code: 200
      message: ''
    headers:
      Server:
      - GitHub.com
      Date:
      - Tue, 05 Apr 2016 12:10:31 GMT
      Content-Type:
      - application/json; charset=utf-8
      Content-Length:
      - '1137'
      Status:
      - 200 OK
      X-Ratelimit-Limit:
      - '5000'
      X-Ratelimit-Remaining:
      - '4982'
      X-Ratelimit-Reset:
      - '1459859901'
      Cache-Control:
      - private, max-age=60, s-maxage=60
      Vary:
      - Accept, Authorization, Cookie, X-GitHub-OTP, Accept-Encoding
      Etag:
      - '"8f58e069d7394dd8e9fd64cb3837411b"'
      Last-Modified:
      - Fri, 01 Apr 2016 22:53:34 GMT
      X-Oauth-Scopes:
      - gist, repo, user
      X-Accepted-Oauth-Scopes:
      - user
      X-Github-Media-Type:
      - github.v3
      Access-Control-Expose-Headers:
      - ETag, Link, X-GitHub-OTP, X-RateLimit-Limit, X-RateLimit-Remaining, X-RateLimit-Reset,
        X-OAuth-Scopes, X-Accepted-OAuth-Scopes, X-Poll-Interval
      Access-Control-Allow-Origin:
      - "*"
      Content-Security-Policy:
      - default-src 'none'
      Strict-Transport-Security:
      - max-age=31536000; includeSubdomains; preload
      X-Content-Type-Options:
      - nosniff
      X-Frame-Options:
      - deny
      X-Xss-Protection:
      - 1; mode=block
      X-Served-By:
      - 8dd185e423974a7e13abbbe6e060031e
      X-Github-Request-Id:
      - 3EE06D6F:174B6:8E5E8C:5703AB37
    body:
      encoding: UTF-8
      string: '{"login":"konradjk","id":1450986,"avatar_url":"https://avatars.githubusercontent.com/u/1450986?v=3","gravatar_id":"","url":"https://api.github.com/users/konradjk","html_url":"https://github.com/konradjk","followers_url":"https://api.github.com/users/konradjk/followers","following_url":"https://api.github.com/users/konradjk/following{/other_user}","gists_url":"https://api.github.com/users/konradjk/gists{/gist_id}","starred_url":"https://api.github.com/users/konradjk/starred{/owner}{/repo}","subscriptions_url":"https://api.github.com/users/konradjk/subscriptions","organizations_url":"https://api.github.com/users/konradjk/orgs","repos_url":"https://api.github.com/users/konradjk/repos","events_url":"https://api.github.com/users/konradjk/events{/privacy}","received_events_url":"https://api.github.com/users/konradjk/received_events","type":"User","site_admin":false,"name":"Konrad
        Karczewski","company":null,"blog":"konradjkarczewski.com","location":null,"email":null,"hireable":null,"bio":null,"public_repos":10,"public_gists":0,"followers":27,"following":0,"created_at":"2012-02-19T10:43:45Z","updated_at":"2016-04-01T22:53:34Z"}'
    http_version: 
  recorded_at: Tue, 05 Apr 2016 12:10:31 GMT
- request:
    method: get
    uri: https://api.github.com/repos/konradjk/loftee/releases/tags/v0.2.1-beta
    body:
      encoding: US-ASCII
      string: ''
    headers:
      User-Agent:
      - Lagotto - http://lagotto.local
      Accept:
      - application/json
      Authorization:
      - Bearer <GITHUB_PERSONAL_ACCESS_TOKEN>
  response:
    status:
      code: 200
      message: ''
    headers:
      Server:
      - GitHub.com
      Date:
      - Tue, 05 Apr 2016 12:10:32 GMT
      Content-Type:
      - application/json; charset=utf-8
      Content-Length:
      - '1646'
      Status:
      - 200 OK
      X-Ratelimit-Limit:
      - '5000'
      X-Ratelimit-Remaining:
      - '4981'
      X-Ratelimit-Reset:
      - '1459859901'
      Cache-Control:
      - private, max-age=60, s-maxage=60
      Vary:
      - Accept, Authorization, Cookie, X-GitHub-OTP, Accept-Encoding
      Etag:
      - '"05c181d3908c45b9575a18afba234384"'
      Last-Modified:
      - Tue, 07 Apr 2015 23:49:02 GMT
      X-Oauth-Scopes:
      - gist, repo, user
      X-Accepted-Oauth-Scopes:
      - ''
      X-Github-Media-Type:
      - github.v3
      Access-Control-Expose-Headers:
      - ETag, Link, X-GitHub-OTP, X-RateLimit-Limit, X-RateLimit-Remaining, X-RateLimit-Reset,
        X-OAuth-Scopes, X-Accepted-OAuth-Scopes, X-Poll-Interval
      Access-Control-Allow-Origin:
      - "*"
      Content-Security-Policy:
      - default-src 'none'
      Strict-Transport-Security:
      - max-age=31536000; includeSubdomains; preload
      X-Content-Type-Options:
      - nosniff
      X-Frame-Options:
      - deny
      X-Xss-Protection:
      - 1; mode=block
      X-Served-By:
      - 3e3b9690823fb031da84658eb58aa83b
      X-Github-Request-Id:
      - 3EE06D6F:15596:1A40E5:5703AB38
    body:
      encoding: UTF-8
      string: '{"url":"https://api.github.com/repos/konradjk/loftee/releases/1136485","assets_url":"https://api.github.com/repos/konradjk/loftee/releases/1136485/assets","upload_url":"https://uploads.github.com/repos/konradjk/loftee/releases/1136485/assets{?name,label}","html_url":"https://github.com/konradjk/loftee/releases/tag/v0.2.1-beta","id":1136485,"tag_name":"v0.2.1-beta","target_commitish":"master","name":"v0.2.1-beta","draft":false,"author":{"login":"konradjk","id":1450986,"avatar_url":"https://avatars.githubusercontent.com/u/1450986?v=3","gravatar_id":"","url":"https://api.github.com/users/konradjk","html_url":"https://github.com/konradjk","followers_url":"https://api.github.com/users/konradjk/followers","following_url":"https://api.github.com/users/konradjk/following{/other_user}","gists_url":"https://api.github.com/users/konradjk/gists{/gist_id}","starred_url":"https://api.github.com/users/konradjk/starred{/owner}{/repo}","subscriptions_url":"https://api.github.com/users/konradjk/subscriptions","organizations_url":"https://api.github.com/users/konradjk/orgs","repos_url":"https://api.github.com/users/konradjk/repos","events_url":"https://api.github.com/users/konradjk/events{/privacy}","received_events_url":"https://api.github.com/users/konradjk/received_events","type":"User","site_admin":false},"prerelease":true,"created_at":"2015-04-07T19:38:00Z","published_at":"2015-04-07T23:49:02Z","assets":[],"tarball_url":"https://api.github.com/repos/konradjk/loftee/tarball/v0.2.1-beta","zipball_url":"https://api.github.com/repos/konradjk/loftee/zipball/v0.2.1-beta","body":"PhyloCSF
        data can now be read from MySQL instead of SQLite"}'
    http_version: 
  recorded_at: Tue, 05 Apr 2016 12:10:32 GMT
- request:
    method: get
    uri: https://api.github.com/users/konradjk
    body:
      encoding: US-ASCII
      string: ''
    headers:
      User-Agent:
      - Lagotto - http://lagotto.local
      Accept:
      - application/json
      Authorization:
      - Bearer <GITHUB_PERSONAL_ACCESS_TOKEN>
  response:
    status:
      code: 200
      message: ''
    headers:
      Server:
      - GitHub.com
      Date:
      - Tue, 05 Apr 2016 12:10:33 GMT
      Content-Type:
      - application/json; charset=utf-8
      Content-Length:
      - '1137'
      Status:
      - 200 OK
      X-Ratelimit-Limit:
      - '5000'
      X-Ratelimit-Remaining:
      - '4980'
      X-Ratelimit-Reset:
      - '1459859901'
      Cache-Control:
      - private, max-age=60, s-maxage=60
      Vary:
      - Accept, Authorization, Cookie, X-GitHub-OTP, Accept-Encoding
      Etag:
      - '"8f58e069d7394dd8e9fd64cb3837411b"'
      Last-Modified:
      - Fri, 01 Apr 2016 22:53:34 GMT
      X-Oauth-Scopes:
      - gist, repo, user
      X-Accepted-Oauth-Scopes:
      - user
      X-Github-Media-Type:
      - github.v3
      Access-Control-Expose-Headers:
      - ETag, Link, X-GitHub-OTP, X-RateLimit-Limit, X-RateLimit-Remaining, X-RateLimit-Reset,
        X-OAuth-Scopes, X-Accepted-OAuth-Scopes, X-Poll-Interval
      Access-Control-Allow-Origin:
      - "*"
      Content-Security-Policy:
      - default-src 'none'
      Strict-Transport-Security:
      - max-age=31536000; includeSubdomains; preload
      X-Content-Type-Options:
      - nosniff
      X-Frame-Options:
      - deny
      X-Xss-Protection:
      - 1; mode=block
      X-Served-By:
      - 173530fed4bbeb1e264b2ed22e8b5c20
      X-Github-Request-Id:
      - 3EE06D6F:174B5:B467A4:5703AB38
    body:
      encoding: UTF-8
      string: '{"login":"konradjk","id":1450986,"avatar_url":"https://avatars.githubusercontent.com/u/1450986?v=3","gravatar_id":"","url":"https://api.github.com/users/konradjk","html_url":"https://github.com/konradjk","followers_url":"https://api.github.com/users/konradjk/followers","following_url":"https://api.github.com/users/konradjk/following{/other_user}","gists_url":"https://api.github.com/users/konradjk/gists{/gist_id}","starred_url":"https://api.github.com/users/konradjk/starred{/owner}{/repo}","subscriptions_url":"https://api.github.com/users/konradjk/subscriptions","organizations_url":"https://api.github.com/users/konradjk/orgs","repos_url":"https://api.github.com/users/konradjk/repos","events_url":"https://api.github.com/users/konradjk/events{/privacy}","received_events_url":"https://api.github.com/users/konradjk/received_events","type":"User","site_admin":false,"name":"Konrad
        Karczewski","company":null,"blog":"konradjkarczewski.com","location":null,"email":null,"hireable":null,"bio":null,"public_repos":10,"public_gists":0,"followers":27,"following":0,"created_at":"2012-02-19T10:43:45Z","updated_at":"2016-04-01T22:53:34Z"}'
    http_version: 
  recorded_at: Tue, 05 Apr 2016 12:10:33 GMT
- request:
    method: get
    uri: https://api.github.com/repos/konradjk/loftee/releases/tags/v0.2.1-beta
    body:
      encoding: US-ASCII
      string: ''
    headers:
      User-Agent:
      - Lagotto - http://lagotto.local
      Accept:
      - application/json
      Authorization:
      - Bearer <GITHUB_PERSONAL_ACCESS_TOKEN>
  response:
    status:
      code: 200
      message: ''
    headers:
      Server:
      - GitHub.com
      Date:
      - Tue, 05 Apr 2016 12:10:34 GMT
      Content-Type:
      - application/json; charset=utf-8
      Content-Length:
      - '1646'
      Status:
      - 200 OK
      X-Ratelimit-Limit:
      - '5000'
      X-Ratelimit-Remaining:
      - '4979'
      X-Ratelimit-Reset:
      - '1459859901'
      Cache-Control:
      - private, max-age=60, s-maxage=60
      Vary:
      - Accept, Authorization, Cookie, X-GitHub-OTP, Accept-Encoding
      Etag:
      - '"05c181d3908c45b9575a18afba234384"'
      Last-Modified:
      - Tue, 07 Apr 2015 23:49:02 GMT
      X-Oauth-Scopes:
      - gist, repo, user
      X-Accepted-Oauth-Scopes:
      - ''
      X-Github-Media-Type:
      - github.v3
      Access-Control-Expose-Headers:
      - ETag, Link, X-GitHub-OTP, X-RateLimit-Limit, X-RateLimit-Remaining, X-RateLimit-Reset,
        X-OAuth-Scopes, X-Accepted-OAuth-Scopes, X-Poll-Interval
      Access-Control-Allow-Origin:
      - "*"
      Content-Security-Policy:
      - default-src 'none'
      Strict-Transport-Security:
      - max-age=31536000; includeSubdomains; preload
      X-Content-Type-Options:
      - nosniff
      X-Frame-Options:
      - deny
      X-Xss-Protection:
      - 1; mode=block
      X-Served-By:
      - bae57931a6fe678a3dffe9be8e7819c8
      X-Github-Request-Id:
      - 3EE06D6F:15599:3609C6:5703AB39
    body:
      encoding: UTF-8
      string: '{"url":"https://api.github.com/repos/konradjk/loftee/releases/1136485","assets_url":"https://api.github.com/repos/konradjk/loftee/releases/1136485/assets","upload_url":"https://uploads.github.com/repos/konradjk/loftee/releases/1136485/assets{?name,label}","html_url":"https://github.com/konradjk/loftee/releases/tag/v0.2.1-beta","id":1136485,"tag_name":"v0.2.1-beta","target_commitish":"master","name":"v0.2.1-beta","draft":false,"author":{"login":"konradjk","id":1450986,"avatar_url":"https://avatars.githubusercontent.com/u/1450986?v=3","gravatar_id":"","url":"https://api.github.com/users/konradjk","html_url":"https://github.com/konradjk","followers_url":"https://api.github.com/users/konradjk/followers","following_url":"https://api.github.com/users/konradjk/following{/other_user}","gists_url":"https://api.github.com/users/konradjk/gists{/gist_id}","starred_url":"https://api.github.com/users/konradjk/starred{/owner}{/repo}","subscriptions_url":"https://api.github.com/users/konradjk/subscriptions","organizations_url":"https://api.github.com/users/konradjk/orgs","repos_url":"https://api.github.com/users/konradjk/repos","events_url":"https://api.github.com/users/konradjk/events{/privacy}","received_events_url":"https://api.github.com/users/konradjk/received_events","type":"User","site_admin":false},"prerelease":true,"created_at":"2015-04-07T19:38:00Z","published_at":"2015-04-07T23:49:02Z","assets":[],"tarball_url":"https://api.github.com/repos/konradjk/loftee/tarball/v0.2.1-beta","zipball_url":"https://api.github.com/repos/konradjk/loftee/zipball/v0.2.1-beta","body":"PhyloCSF
        data can now be read from MySQL instead of SQLite"}'
    http_version: 
  recorded_at: Tue, 05 Apr 2016 12:10:34 GMT
- request:
    method: get
    uri: https://api.github.com/users/konradjk
    body:
      encoding: US-ASCII
      string: ''
    headers:
      User-Agent:
      - Lagotto - http://lagotto.local
      Accept:
      - application/json
      Authorization:
      - Bearer <GITHUB_PERSONAL_ACCESS_TOKEN>
  response:
    status:
      code: 200
      message: ''
    headers:
      Server:
      - GitHub.com
      Date:
      - Tue, 05 Apr 2016 12:10:34 GMT
      Content-Type:
      - application/json; charset=utf-8
      Content-Length:
      - '1137'
      Status:
      - 200 OK
      X-Ratelimit-Limit:
      - '5000'
      X-Ratelimit-Remaining:
      - '4978'
      X-Ratelimit-Reset:
      - '1459859901'
      Cache-Control:
      - private, max-age=60, s-maxage=60
      Vary:
      - Accept, Authorization, Cookie, X-GitHub-OTP, Accept-Encoding
      Etag:
      - '"8f58e069d7394dd8e9fd64cb3837411b"'
      Last-Modified:
      - Fri, 01 Apr 2016 22:53:34 GMT
      X-Oauth-Scopes:
      - gist, repo, user
      X-Accepted-Oauth-Scopes:
      - user
      X-Github-Media-Type:
      - github.v3
      Access-Control-Expose-Headers:
      - ETag, Link, X-GitHub-OTP, X-RateLimit-Limit, X-RateLimit-Remaining, X-RateLimit-Reset,
        X-OAuth-Scopes, X-Accepted-OAuth-Scopes, X-Poll-Interval
      Access-Control-Allow-Origin:
      - "*"
      Content-Security-Policy:
      - default-src 'none'
      Strict-Transport-Security:
      - max-age=31536000; includeSubdomains; preload
      X-Content-Type-Options:
      - nosniff
      X-Frame-Options:
      - deny
      X-Xss-Protection:
      - 1; mode=block
      X-Served-By:
      - 3e3b9690823fb031da84658eb58aa83b
      X-Github-Request-Id:
      - 3EE06D6F:DA3D:B092E2:5703AB3A
    body:
      encoding: UTF-8
      string: '{"login":"konradjk","id":1450986,"avatar_url":"https://avatars.githubusercontent.com/u/1450986?v=3","gravatar_id":"","url":"https://api.github.com/users/konradjk","html_url":"https://github.com/konradjk","followers_url":"https://api.github.com/users/konradjk/followers","following_url":"https://api.github.com/users/konradjk/following{/other_user}","gists_url":"https://api.github.com/users/konradjk/gists{/gist_id}","starred_url":"https://api.github.com/users/konradjk/starred{/owner}{/repo}","subscriptions_url":"https://api.github.com/users/konradjk/subscriptions","organizations_url":"https://api.github.com/users/konradjk/orgs","repos_url":"https://api.github.com/users/konradjk/repos","events_url":"https://api.github.com/users/konradjk/events{/privacy}","received_events_url":"https://api.github.com/users/konradjk/received_events","type":"User","site_admin":false,"name":"Konrad
        Karczewski","company":null,"blog":"konradjkarczewski.com","location":null,"email":null,"hireable":null,"bio":null,"public_repos":10,"public_gists":0,"followers":27,"following":0,"created_at":"2012-02-19T10:43:45Z","updated_at":"2016-04-01T22:53:34Z"}'
    http_version: 
  recorded_at: Tue, 05 Apr 2016 12:10:34 GMT
recorded_with: VCR 2.9.3
